2025-12-02 17:41:59,190 INFO o.a.j.u.JMeterUtils: Setting Locale to en
2025-12-02 17:41:59,233 INFO o.a.j.JMeter: Loading user properties from: /mnt/c/Users/hdgr3/OneDrive - Estudiantes ITCR/Escritorio/MotordeProcesamientoDistribuido/proyecto-pso-batch/apache-jmeter-5.6.2/bin/user.properties
2025-12-02 17:41:59,239 INFO o.a.j.JMeter: Loading system properties from: /mnt/c/Users/hdgr3/OneDrive - Estudiantes ITCR/Escritorio/MotordeProcesamientoDistribuido/proyecto-pso-batch/apache-jmeter-5.6.2/bin/system.properties
2025-12-02 17:41:59,250 INFO o.a.j.JMeter: Copyright (c) 1998-2023 The Apache Software Foundation
2025-12-02 17:41:59,250 INFO o.a.j.JMeter: Version 5.6.2
2025-12-02 17:41:59,250 INFO o.a.j.JMeter: java.version=11.0.29
2025-12-02 17:41:59,251 INFO o.a.j.JMeter: java.vm.name=OpenJDK 64-Bit Server VM
2025-12-02 17:41:59,251 INFO o.a.j.JMeter: os.name=Linux
2025-12-02 17:41:59,251 INFO o.a.j.JMeter: os.arch=amd64
2025-12-02 17:41:59,251 INFO o.a.j.JMeter: os.version=6.6.87.2-microsoft-standard-WSL2
2025-12-02 17:41:59,252 INFO o.a.j.JMeter: file.encoding=UTF-8
2025-12-02 17:41:59,252 INFO o.a.j.JMeter: java.awt.headless=null
2025-12-02 17:41:59,252 INFO o.a.j.JMeter: Max memory     =943718400
2025-12-02 17:41:59,252 INFO o.a.j.JMeter: Available Processors =6
2025-12-02 17:41:59,266 INFO o.a.j.JMeter: Default Locale=English
2025-12-02 17:41:59,267 INFO o.a.j.JMeter: JMeter  Locale=English
2025-12-02 17:41:59,267 INFO o.a.j.JMeter: JMeterHome=/mnt/c/Users/hdgr3/OneDrive - Estudiantes ITCR/Escritorio/MotordeProcesamientoDistribuido/proyecto-pso-batch/apache-jmeter-5.6.2
2025-12-02 17:41:59,268 INFO o.a.j.JMeter: user.dir  =/mnt/c/Users/hdgr3/OneDrive - Estudiantes ITCR/Escritorio/MotordeProcesamientoDistribuido/proyecto-pso-batch/apache-jmeter-5.6.2
2025-12-02 17:41:59,268 INFO o.a.j.JMeter: PWD       =/mnt/c/Users/hdgr3/OneDrive - Estudiantes ITCR/Escritorio/MotordeProcesamientoDistribuido/proyecto-pso-batch/apache-jmeter-5.6.2
2025-12-02 17:41:59,269 INFO o.a.j.JMeter: IP: 127.0.1.1 Name: LaptopNel FullName: LaptopNel.localdomain
2025-12-02 17:41:59,315 INFO o.a.j.JMeter: Loaded icon properties from org/apache/jmeter/images/icon.properties
2025-12-02 17:42:00,115 INFO o.a.j.JMeterGuiLauncher: Setting LAF to: com.github.weisj.darklaf.DarkLaf:com.github.weisj.darklaf.theme.DarculaTheme
2025-12-02 20:12:16,809 INFO o.a.j.s.FileServer: Default base='/mnt/c/Users/hdgr3/OneDrive - Estudiantes ITCR/Escritorio/MotordeProcesamientoDistribuido/proyecto-pso-batch/apache-jmeter-5.6.2'
2025-12-02 20:12:20,467 INFO o.a.j.g.a.t.TemplateManager: Reading templates from: /mnt/c/Users/hdgr3/OneDrive - Estudiantes ITCR/Escritorio/MotordeProcesamientoDistribuido/proyecto-pso-batch/apache-jmeter-5.6.2/bin/templates/templates.xml
2025-12-02 20:12:29,706 ERROR o.a.j.g.a.SelectTemplatesDialog: Error opening URL in browser: http://jmeter.apache.org/usermanual/component_reference.html#BeanShell_Sampler
2025-12-02 20:21:51,815 INFO o.a.j.p.h.s.HTTPSamplerBase: Parser for text/html is org.apache.jmeter.protocol.http.parser.LagartoBasedHtmlParser
2025-12-02 20:21:51,823 INFO o.a.j.p.h.s.HTTPSamplerBase: Parser for application/xhtml+xml is org.apache.jmeter.protocol.http.parser.LagartoBasedHtmlParser
2025-12-02 20:21:51,823 INFO o.a.j.p.h.s.HTTPSamplerBase: Parser for application/xml is org.apache.jmeter.protocol.http.parser.LagartoBasedHtmlParser
2025-12-02 20:21:51,824 INFO o.a.j.p.h.s.HTTPSamplerBase: Parser for text/xml is org.apache.jmeter.protocol.http.parser.LagartoBasedHtmlParser
2025-12-02 20:21:51,824 INFO o.a.j.p.h.s.HTTPSamplerBase: Parser for text/vnd.wap.wml is org.apache.jmeter.protocol.http.parser.RegexpHTMLParser
2025-12-02 20:21:51,824 INFO o.a.j.p.h.s.HTTPSamplerBase: Parser for text/css is org.apache.jmeter.protocol.http.parser.CssParser
2025-12-02 21:00:59,583 INFO o.a.j.s.SampleResult: Note: Sample TimeStamps are START times
2025-12-02 21:00:59,587 INFO o.a.j.s.SampleResult: sampleresult.default.encoding is set to UTF-8
2025-12-02 21:00:59,588 INFO o.a.j.s.SampleResult: sampleresult.useNanoTime=true
2025-12-02 21:00:59,588 INFO o.a.j.s.SampleResult: sampleresult.nanoThreadSleep=5000
2025-12-02 21:03:04,655 INFO o.a.j.s.FileServer: Set new base='/mnt/c/Users/hdgr3/OneDrive - Estudiantes ITCR/Escritorio/MotordeProcesamientoDistribuido/proyecto-pso-batch/tests'
2025-12-02 21:03:05,213 INFO o.a.j.s.SaveService: Testplan (JMX) version: 2.2. Testlog (JTL) version: 2.2
2025-12-02 21:03:05,261 INFO o.a.j.s.SaveService: Using SaveService properties version 5.0
2025-12-02 21:03:05,266 INFO o.a.j.s.SaveService: Using SaveService properties file encoding UTF-8
2025-12-02 21:05:56,036 INFO o.a.j.e.StandardJMeterEngine: Running the test!
2025-12-02 21:05:56,044 INFO o.a.j.s.SampleEvent: List of sample_variables: []
2025-12-02 21:05:56,046 INFO o.a.j.s.SampleEvent: List of sample_variables: []
2025-12-02 21:05:56,054 INFO o.a.j.e.u.CompoundVariable: Note: Function class names must contain the string: '.functions.'
2025-12-02 21:05:56,055 INFO o.a.j.e.u.CompoundVariable: Note: Function class names must not contain the string: '.gui.'
2025-12-02 21:05:56,577 INFO o.a.j.g.u.JMeterMenuBar: setRunning(true, *local*)
2025-12-02 21:05:56,696 INFO o.a.j.e.StandardJMeterEngine: Starting ThreadGroup: 1 : PSO Batch Users
2025-12-02 21:05:56,697 INFO o.a.j.e.StandardJMeterEngine: Starting 10 threads for group PSO Batch Users.
2025-12-02 21:05:56,697 INFO o.a.j.e.StandardJMeterEngine: Thread will continue on error
2025-12-02 21:05:56,698 INFO o.a.j.t.ThreadGroup: Starting thread group... number=1 threads=10 ramp-up=60 delayedStart=false
2025-12-02 21:05:56,717 INFO o.a.j.t.JMeterThread: Thread started: PSO Batch Users 1-1
2025-12-02 21:05:56,741 INFO o.a.j.t.ThreadGroup: Started thread group number 1
2025-12-02 21:05:56,742 INFO o.a.j.e.StandardJMeterEngine: All thread groups have been started
2025-12-02 21:06:01,793 INFO o.a.j.p.h.s.HTTPHCAbstractImpl: Local host = LaptopNel
2025-12-02 21:06:01,819 INFO o.a.j.p.h.s.HTTPHC4Impl: HTTP request retry count = 0
2025-12-02 21:06:02,710 INFO o.a.j.t.JMeterThread: Thread started: PSO Batch Users 1-2
2025-12-02 21:06:08,731 INFO o.a.j.t.JMeterThread: Thread started: PSO Batch Users 1-3
2025-12-02 21:06:15,723 INFO o.a.j.t.JMeterThread: Thread started: PSO Batch Users 1-4
2025-12-02 21:06:20,727 INFO o.a.j.t.JMeterThread: Thread started: PSO Batch Users 1-5
2025-12-02 21:06:26,722 INFO o.a.j.t.JMeterThread: Thread started: PSO Batch Users 1-6
2025-12-02 21:06:32,701 INFO o.a.j.t.JMeterThread: Thread started: PSO Batch Users 1-7
2025-12-02 21:06:38,701 INFO o.a.j.t.JMeterThread: Thread started: PSO Batch Users 1-8
2025-12-02 21:06:44,701 INFO o.a.j.t.JMeterThread: Thread started: PSO Batch Users 1-9
2025-12-02 21:06:50,702 INFO o.a.j.t.JMeterThread: Thread started: PSO Batch Users 1-10
2025-12-02 21:06:51,367 INFO o.a.j.t.JMeterThread: Thread is done: PSO Batch Users 1-1
2025-12-02 21:06:51,368 INFO o.a.j.t.JMeterThread: Thread finished: PSO Batch Users 1-1
2025-12-02 21:06:56,778 INFO o.a.j.t.JMeterThread: Thread is done: PSO Batch Users 1-2
2025-12-02 21:06:56,779 INFO o.a.j.t.JMeterThread: Thread finished: PSO Batch Users 1-2
2025-12-02 21:07:02,805 INFO o.a.j.t.JMeterThread: Thread is done: PSO Batch Users 1-3
2025-12-02 21:07:02,806 INFO o.a.j.t.JMeterThread: Thread finished: PSO Batch Users 1-3
2025-12-02 21:07:07,810 INFO o.a.j.t.JMeterThread: Thread is done: PSO Batch Users 1-4
2025-12-02 21:07:07,812 INFO o.a.j.t.JMeterThread: Thread finished: PSO Batch Users 1-4
2025-12-02 21:07:12,811 INFO o.a.j.t.JMeterThread: Thread is done: PSO Batch Users 1-5
2025-12-02 21:07:12,812 INFO o.a.j.t.JMeterThread: Thread finished: PSO Batch Users 1-5
2025-12-02 21:07:20,714 INFO o.a.j.t.JMeterThread: Thread is done: PSO Batch Users 1-6
2025-12-02 21:07:20,715 INFO o.a.j.t.JMeterThread: Thread finished: PSO Batch Users 1-6
2025-12-02 21:07:26,721 INFO o.a.j.t.JMeterThread: Thread is done: PSO Batch Users 1-7
2025-12-02 21:07:26,722 INFO o.a.j.t.JMeterThread: Thread finished: PSO Batch Users 1-7
2025-12-02 21:07:32,689 INFO o.a.j.t.JMeterThread: Thread is done: PSO Batch Users 1-8
2025-12-02 21:07:32,690 INFO o.a.j.t.JMeterThread: Thread finished: PSO Batch Users 1-8
2025-12-02 21:07:38,691 INFO o.a.j.t.JMeterThread: Thread is done: PSO Batch Users 1-9
2025-12-02 21:07:38,691 INFO o.a.j.t.JMeterThread: Thread finished: PSO Batch Users 1-9
2025-12-02 21:07:42,647 INFO o.a.j.t.JMeterThread: Thread is done: PSO Batch Users 1-10
2025-12-02 21:07:42,648 INFO o.a.j.t.JMeterThread: Thread finished: PSO Batch Users 1-10
2025-12-02 21:07:42,650 INFO o.a.j.e.StandardJMeterEngine: Notifying test listeners of end of test
2025-12-02 21:07:42,651 INFO o.a.j.g.u.JMeterMenuBar: setRunning(false, *local*)
2025-12-02 21:10:15,600 INFO o.a.j.e.StandardJMeterEngine: Running the test!
2025-12-02 21:10:15,620 INFO o.a.j.s.SampleEvent: List of sample_variables: []
2025-12-02 21:10:15,628 INFO o.a.j.g.u.JMeterMenuBar: setRunning(true, *local*)
2025-12-02 21:10:15,777 INFO o.a.j.e.StandardJMeterEngine: Starting ThreadGroup: 1 : PSO Batch Users
2025-12-02 21:10:15,778 INFO o.a.j.e.StandardJMeterEngine: Starting 10 threads for group PSO Batch Users.
2025-12-02 21:10:15,784 INFO o.a.j.e.StandardJMeterEngine: Thread will continue on error
2025-12-02 21:10:15,785 INFO o.a.j.t.ThreadGroup: Starting thread group... number=1 threads=10 ramp-up=60 delayedStart=false
2025-12-02 21:10:15,791 INFO o.a.j.t.JMeterThread: Thread started: PSO Batch Users 1-1
2025-12-02 21:10:15,802 INFO o.a.j.t.ThreadGroup: Started thread group number 1
2025-12-02 21:10:15,802 INFO o.a.j.e.StandardJMeterEngine: All thread groups have been started
2025-12-02 21:10:21,789 INFO o.a.j.t.JMeterThread: Thread started: PSO Batch Users 1-2
2025-12-02 21:10:27,789 INFO o.a.j.t.JMeterThread: Thread started: PSO Batch Users 1-3
2025-12-02 21:10:33,822 INFO o.a.j.t.JMeterThread: Thread started: PSO Batch Users 1-4
2025-12-02 21:10:39,787 INFO o.a.j.t.JMeterThread: Thread started: PSO Batch Users 1-5
2025-12-02 21:10:45,790 INFO o.a.j.t.JMeterThread: Thread started: PSO Batch Users 1-6
2025-12-02 21:10:51,789 INFO o.a.j.t.JMeterThread: Thread started: PSO Batch Users 1-7
2025-12-02 21:10:57,789 INFO o.a.j.t.JMeterThread: Thread started: PSO Batch Users 1-8
2025-12-02 21:11:03,854 INFO o.a.j.t.JMeterThread: Thread started: PSO Batch Users 1-9
2025-12-02 21:11:08,933 INFO o.a.j.t.JMeterThread: Thread is done: PSO Batch Users 1-1
2025-12-02 21:11:08,937 INFO o.a.j.t.JMeterThread: Thread finished: PSO Batch Users 1-1
2025-12-02 21:11:09,788 INFO o.a.j.t.JMeterThread: Thread started: PSO Batch Users 1-10
2025-12-02 21:11:14,880 INFO o.a.j.t.JMeterThread: Thread is done: PSO Batch Users 1-2
2025-12-02 21:11:14,881 INFO o.a.j.t.JMeterThread: Thread finished: PSO Batch Users 1-2
2025-12-02 21:11:20,872 INFO o.a.j.t.JMeterThread: Thread is done: PSO Batch Users 1-3
2025-12-02 21:11:20,873 INFO o.a.j.t.JMeterThread: Thread finished: PSO Batch Users 1-3
2025-12-02 21:11:25,927 INFO o.a.j.t.JMeterThread: Thread is done: PSO Batch Users 1-4
2025-12-02 21:11:25,928 INFO o.a.j.t.JMeterThread: Thread finished: PSO Batch Users 1-4
2025-12-02 21:11:31,898 INFO o.a.j.t.JMeterThread: Thread is done: PSO Batch Users 1-5
2025-12-02 21:11:31,899 INFO o.a.j.t.JMeterThread: Thread finished: PSO Batch Users 1-5
2025-12-02 21:11:38,675 INFO o.a.j.t.JMeterThread: Thread is done: PSO Batch Users 1-6
2025-12-02 21:11:38,676 INFO o.a.j.t.JMeterThread: Thread finished: PSO Batch Users 1-6
2025-12-02 21:11:44,668 INFO o.a.j.t.JMeterThread: Thread is done: PSO Batch Users 1-7
2025-12-02 21:11:44,668 INFO o.a.j.t.JMeterThread: Thread finished: PSO Batch Users 1-7
2025-12-02 21:11:52,764 INFO o.a.j.t.JMeterThread: Thread is done: PSO Batch Users 1-8
2025-12-02 21:11:52,764 INFO o.a.j.t.JMeterThread: Thread finished: PSO Batch Users 1-8
2025-12-02 21:11:56,755 INFO o.a.j.t.JMeterThread: Thread is done: PSO Batch Users 1-9
2025-12-02 21:11:56,756 INFO o.a.j.t.JMeterThread: Thread finished: PSO Batch Users 1-9
2025-12-02 21:12:02,738 INFO o.a.j.t.JMeterThread: Thread is done: PSO Batch Users 1-10
2025-12-02 21:12:02,738 INFO o.a.j.t.JMeterThread: Thread finished: PSO Batch Users 1-10
2025-12-02 21:12:02,767 INFO o.a.j.e.StandardJMeterEngine: Notifying test listeners of end of test
2025-12-02 21:12:02,804 INFO o.a.j.g.u.JMeterMenuBar: setRunning(false, *local*)
